[egemem.com/theme/bitter/v1/preview/index.html]
[backblue.gif]
[fade.gif]
[index.html]
[egemem.com/theme/bitter/v1/preview/assets/css/style.css]
[egemem.com/theme/bitter/v1/preview/assets/img/logo.png]
[egemem.com/theme/bitter/v1/preview/blog-post.html]
[egemem.com/theme/bitter/v1/preview/assets/img/sample/photo8.jpg]
[egemem.com/theme/bitter/v1/preview/assets/img/sample/avatar3.jpg]
[egemem.com/theme/bitter/v1/preview/assets/img/sample/photo5.jpg]
[egemem.com/theme/bitter/v1/preview/assets/img/sample/avatar.jpg]
[egemem.com/theme/bitter/v1/preview/assets/img/sample/photo11.jpg]
[egemem.com/theme/bitter/v1/preview/assets/img/sample/avatar5.jpg]
[egemem.com/theme/bitter/v1/preview/assets/img/sample/photo10.jpg]
[egemem.com/theme/bitter/v1/preview/assets/img/sample/avatar6.jpg]
[egemem.com/theme/bitter/v1/preview/blog-category.html]
[egemem.com/theme/bitter/v1/preview/assets/img/sample/photo13.jpg]
[egemem.com/theme/bitter/v1/preview/assets/img/sample/photo2.jpg]
[egemem.com/theme/bitter/v1/preview/assets/img/sample/photo3.jpg]
[egemem.com/theme/bitter/v1/preview/assets/img/sample/photo4.jpg]
[egemem.com/theme/bitter/v1/preview/assets/img/sample/photo12.jpg]
[egemem.com/theme/bitter/v1/preview/assets/img/sample/product1.jpg]
[egemem.com/theme/bitter/v1/preview/assets/img/sample/product2.jpg]
[egemem.com/theme/bitter/v1/preview/assets/img/sample/product3.jpg]
[egemem.com/theme/bitter/v1/preview/assets/img/sample/product4.jpg]
[egemem.com/theme/bitter/v1/preview/assets/img/sample/product5.jpg]
[egemem.com/theme/bitter/v1/preview/assets/img/sample/product6.jpg]
[egemem.com/theme/bitter/v1/preview/assets/img/sample/product7.jpg]
[egemem.com/theme/bitter/v1/preview/assets/img/sample/photo14.jpg]
[egemem.com/theme/bitter/v1/preview/assets/img/sample/avatar2.jpg]
[egemem.com/theme/bitter/v1/preview/assets/img/sample/avatar4.jpg]
[egemem.com/theme/bitter/v1/preview/assets/img/sample/avatar7.jpg]
[egemem.com/theme/bitter/v1/preview/assets/img/sample/avatar8.jpg]
[egemem.com/theme/bitter/v1/preview/pages.html]
[egemem.com/theme/bitter/v1/preview/components.html]
[egemem.com/theme/bitter/v1/preview/search.html]
[egemem.com/theme/bitter/v1/preview/social-home.html]
[egemem.com/theme/bitter/v1/preview/social-chat.html]
[egemem.com/theme/bitter/v1/preview/blog-home.html]
[egemem.com/theme/bitter/v1/preview/page-login.html]
[egemem.com/theme/bitter/v1/preview/assets/js/lib/jquery-3.4.1.min.js]
[egemem.com/theme/bitter/v1/preview/assets/js/lib/popper.min.js]
[egemem.com/theme/bitter/v1/preview/assets/js/lib/bootstrap.min.js]
[egemem.com/theme/bitter/v1/preview/assets/js/plugins/owl.carousel.min.js]
[egemem.com/theme/bitter/v1/preview/assets/js/app.js]
[egemem.com/theme/bitter/v1/preview/index.html]
[unpkg.com/ionicons@4.5.10-0/dist/css/ionicons.min.css]
[egemem.com/theme/bitter/v1/preview/assets/img/icon/arrow.svg]
[egemem.com/theme/bitter/v1/preview/assets/css/style.css]
[egemem.com/theme/bitter/v1/preview/blog-post.html]
[egemem.com/theme/bitter/v1/preview/blog-category.html]
[egemem.com/theme/bitter/v1/preview/list-view-text.html]
[egemem.com/theme/bitter/v1/preview/list-view-basic.html]
[egemem.com/theme/bitter/v1/preview/list-view-detailed.html]
[egemem.com/theme/bitter/v1/preview/list-view-iconed.html]
[egemem.com/theme/bitter/v1/preview/page-register.html]
[egemem.com/theme/bitter/v1/preview/page-forgot-password.html]
[egemem.com/theme/bitter/v1/preview/social-profile.html]
[egemem.com/theme/bitter/v1/preview/social-post.html]
[egemem.com/theme/bitter/v1/preview/splash-iconed.html]
[egemem.com/theme/bitter/v1/preview/splash-imaged.html]
[egemem.com/theme/bitter/v1/preview/slider-page.html]
[egemem.com/theme/bitter/v1/preview/page-about.html]
[egemem.com/theme/bitter/v1/preview/page-contact.html]
[egemem.com/theme/bitter/v1/preview/page-404.html]
[egemem.com/theme/bitter/v1/preview/page-faq.html]
[egemem.com/theme/bitter/v1/preview/page-maintenance.html]
[egemem.com/theme/bitter/v1/preview/page-under-construction.html]
[egemem.com/theme/bitter/v1/preview/pages.html]
[egemem.com/theme/bitter/v1/preview/components-cards.html]
[egemem.com/theme/bitter/v1/preview/components-buttons.html]
[egemem.com/theme/bitter/v1/preview/components-sliders.html]
[egemem.com/theme/bitter/v1/preview/components-header.html]
[egemem.com/theme/bitter/v1/preview/components-bottommenu.html]
[egemem.com/theme/bitter/v1/preview/components-form-elements.html]
[egemem.com/theme/bitter/v1/preview/components-toggles.html]
[egemem.com/theme/bitter/v1/preview/components-accordion.html]
[egemem.com/theme/bitter/v1/preview/components-chips.html]
[egemem.com/theme/bitter/v1/preview/components-contentbox.html]
[egemem.com/theme/bitter/v1/preview/components-divider.html]
[egemem.com/theme/bitter/v1/preview/components-typography.html]
[egemem.com/theme/bitter/v1/preview/components-icons.html]
[egemem.com/theme/bitter/v1/preview/components-images.html]
[egemem.com/theme/bitter/v1/preview/components-pagination.html]
[egemem.com/theme/bitter/v1/preview/components-spinners.html]
[egemem.com/theme/bitter/v1/preview/components-comments.html]
[egemem.com/theme/bitter/v1/preview/components-tabs.html]
[egemem.com/theme/bitter/v1/preview/components.html]
[egemem.com/theme/bitter/v1/preview/search.html]
[egemem.com/theme/bitter/v1/preview/social-home.html]
[egemem.com/theme/bitter/v1/preview/social-chat.html]
[egemem.com/theme/bitter/v1/preview/components-table.html]
[egemem.com/theme/bitter/v1/preview/assets/img/sample/photo6.jpg]
[egemem.com/theme/bitter/v1/preview/assets/img/sample/photo7.jpg]
[egemem.com/theme/bitter/v1/preview/assets/img/sample/photo9.jpg]
[egemem.com/theme/bitter/v1/preview/blog-home.html]
[egemem.com/theme/bitter/v1/preview/page-login.html]
[unpkg.com/ionicons@4.5.10-0/dist/css/ionicons.min.css]
[egemem.com/theme/bitter/v1/preview/assets/css/owl.video.play.html]
[egemem.com/theme/bitter/v1/preview/assets/img/icon/arrow.svg]
[egemem.com/theme/bitter/v1/preview/list-view-text.html]
[egemem.com/theme/bitter/v1/preview/list-view-basic.html]
[egemem.com/theme/bitter/v1/preview/list-view-detailed.html]
[egemem.com/theme/bitter/v1/preview/list-view-iconed.html]
[egemem.com/theme/bitter/v1/preview/assets/img/sample/draw-2.png]
[egemem.com/theme/bitter/v1/preview/page-register.html]
[egemem.com/theme/bitter/v1/preview/assets/img/sample/draw-1.png]
[egemem.com/theme/bitter/v1/preview/page-forgot-password.html]
[egemem.com/theme/bitter/v1/preview/social-profile.html]
[egemem.com/theme/bitter/v1/preview/social-post.html]
[egemem.com/theme/bitter/v1/preview/splash-iconed.html]
[egemem.com/theme/bitter/v1/preview/splash-imaged.html]
[egemem.com/theme/bitter/v1/preview/assets/img/sample/draw-3.png]
[egemem.com/theme/bitter/v1/preview/slider-page.html]
[egemem.com/theme/bitter/v1/preview/assets/img/sample/photo1.jpg]
[egemem.com/theme/bitter/v1/preview/page-about.html]
[egemem.com/theme/bitter/v1/preview/page-contact.html]
[egemem.com/theme/bitter/v1/preview/page-404.html]
[egemem.com/theme/bitter/v1/preview/assets/img/sample/draw-4.png]
[egemem.com/theme/bitter/v1/preview/page-faq.html]
[egemem.com/theme/bitter/v1/preview/page-maintenance.html]
[egemem.com/theme/bitter/v1/preview/assets/img/sample/draw-5.png]
[egemem.com/theme/bitter/v1/preview/page-under-construction.html]
[egemem.com/theme/bitter/v1/preview/components-cards.html]
[egemem.com/theme/bitter/v1/preview/components-buttons.html]
[egemem.com/theme/bitter/v1/preview/components-sliders.html]
[egemem.com/theme/bitter/v1/preview/components-header.html]
[egemem.com/theme/bitter/v1/preview/components-bottommenu.html]
[egemem.com/theme/bitter/v1/preview/components-form-elements.html]
[egemem.com/theme/bitter/v1/preview/components-toggles.html]
[egemem.com/theme/bitter/v1/preview/components-accordion.html]
[egemem.com/theme/bitter/v1/preview/components-chips.html]
[egemem.com/theme/bitter/v1/preview/components-contentbox.html]
[egemem.com/theme/bitter/v1/preview/components-divider.html]
[egemem.com/theme/bitter/v1/preview/components-typography.html]
[egemem.com/theme/bitter/v1/preview/components-icons.html]
[egemem.com/theme/bitter/v1/preview/components-images.html]
[egemem.com/theme/bitter/v1/preview/components-pagination.html]
[egemem.com/theme/bitter/v1/preview/components-spinners.html]
[egemem.com/theme/bitter/v1/preview/components-comments.html]
[egemem.com/theme/bitter/v1/preview/components-tabs.html]
[egemem.com/theme/bitter/v1/preview/components-table.html]
